a
a
a
b
a
c
a
d
a
e
id: 0, val: 3, edges: 0
id: 0, val: 3, edges: 0
id: 0, val: 3, edges: 0
id: 1, val: 3, edges: 0
id: 0, val: 3, edges: 0
id: 2, val: 3, edges: 0
0.1
0.1
0.1
0.2
0.1
0.3
