<<<<<<< HEAD
hello
=======
5
Traversable
>>>>>>> 648036fc5630173fed1923a43cd873a6fc573761
